// Jest Snapshot v1, https://goo.gl/fbAQLP

exports[`renderToString can render a scoped component within a shadow component 1`] = `"<car-list cars=\\"[{&quot;make&quot;:&quot;VW&quot;,&quot;model&quot;:&quot;Vento&quot;,&quot;year&quot;:2024},{&quot;make&quot;:&quot;VW&quot;,&quot;model&quot;:&quot;Beetle&quot;,&quot;year&quot;:2023}]\\" class=\\"sc-car-list-h\\" custom-hydrate-flag=\\"\\" s-id=\\"1\\"><template shadowrootmode=\\"open\\"><style sty-id=\\"sc-car-list\\">/*!@:host*/.sc-car-list-h{display:block;margin:10px;padding:10px;border:1px solid blue}/*!@ul*/ul.sc-car-list{display:block;margin:0;padding:0}/*!@li*/li.sc-car-list{list-style:none;margin:0;padding:20px}/*!@.selected*/.selected.sc-car-list{font-weight:bold;background:rgb(255, 255, 210)}</style><ul class=\\"sc-car-list\\" c-id=\\"1.0.0.0\\"><li class=\\"sc-car-list\\" c-id=\\"1.1.1.0\\"><car-detail class=\\"sc-car-list\\" custom-hydrate-flag=\\"\\" c-id=\\"1.2.2.0\\" s-id=\\"2\\"><!--r.2--><section class=\\"sc-car-list\\" c-id=\\"2.0.0.0\\"><!--t.2.1.1.0-->2024 VW Vento</section></car-detail></li><li class=\\"sc-car-list\\" c-id=\\"1.3.1.1\\"><car-detail class=\\"sc-car-list\\" custom-hydrate-flag=\\"\\" c-id=\\"1.4.2.0\\" s-id=\\"3\\"><!--r.3--><section class=\\"sc-car-list\\" c-id=\\"3.0.0.0\\"><!--t.3.1.1.0-->2023 VW Beetle</section></car-detail></li></ul></template><!--r.1--></car-list>"`;

exports[`renderToString can render nested components 1`] = `"<another-car-list cars=\\"[{&quot;make&quot;:&quot;VW&quot;,&quot;model&quot;:&quot;Vento&quot;,&quot;year&quot;:2024},{&quot;make&quot;:&quot;VW&quot;,&quot;model&quot;:&quot;Beetle&quot;,&quot;year&quot;:2023}]\\" class=\\"sc-another-car-list-h\\" custom-hydrate-flag=\\"\\" s-id=\\"1\\"><template shadowrootmode=\\"open\\"><style sty-id=\\"sc-another-car-list\\">/*!@:host*/.sc-another-car-list-h{display:block;margin:10px;padding:10px;border:1px solid blue}/*!@ul*/ul.sc-another-car-list{display:block;margin:0;padding:0}/*!@li*/li.sc-another-car-list{list-style:none;margin:0;padding:20px}/*!@.selected*/.selected.sc-another-car-list{font-weight:bold;background:rgb(255, 255, 210)}</style><ul class=\\"sc-another-car-list\\" c-id=\\"1.0.0.0\\"><li class=\\"sc-another-car-list\\" c-id=\\"1.1.1.0\\"><another-car-detail class=\\"sc-another-car-list sc-another-car-detail-h\\" custom-hydrate-flag=\\"\\" c-id=\\"1.2.2.0\\" s-id=\\"2\\"><template shadowrootmode=\\"open\\"><style sty-id=\\"sc-another-car-detail\\">/*!@section*/section.sc-another-car-detail{color:green}</style><section class=\\"sc-another-car-detail\\" c-id=\\"2.0.0.0\\"><!--t.2.1.1.0-->2024 VW Vento</section></template><!--r.2--></another-car-detail></li><li class=\\"sc-another-car-list\\" c-id=\\"1.3.1.1\\"><another-car-detail class=\\"sc-another-car-list sc-another-car-detail-h\\" custom-hydrate-flag=\\"\\" c-id=\\"1.4.2.0\\" s-id=\\"3\\"><template shadowrootmode=\\"open\\"><style sty-id=\\"sc-another-car-detail\\">/*!@section*/section.sc-another-car-detail{color:green}</style><section class=\\"sc-another-car-detail\\" c-id=\\"3.0.0.0\\"><!--t.3.1.1.0-->2023 VW Beetle</section></template><!--r.3--></another-car-detail></li></ul></template><!--r.1--></another-car-list>"`;

exports[`renderToString renders scoped component 1`] = `"<another-car-detail class=\\"sc-another-car-detail-h\\" custom-hydrate-flag=\\"\\" s-id=\\"1\\"><template shadowrootmode=\\"open\\"><style sty-id=\\"sc-another-car-detail\\">/*!@section*/section.sc-another-car-detail{color:green}</style></template><!--r.1--></another-car-detail>"`;

exports[`renderToString supports passing props to components 1`] = `"<another-car-detail car=\\"{&quot;year&quot;:2024, &quot;make&quot;: &quot;VW&quot;, &quot;model&quot;: &quot;Vento&quot;}\\" class=\\"sc-another-car-detail-h\\" custom-hydrate-flag=\\"\\" s-id=\\"1\\"><template shadowrootmode=\\"open\\"><style sty-id=\\"sc-another-car-detail\\">/*!@section*/section.sc-another-car-detail{color:green}</style><section class=\\"sc-another-car-detail\\" c-id=\\"1.0.0.0\\"><!--t.1.1.1.0-->2024 VW Vento</section></template><!--r.1--></another-car-detail>"`;

exports[`renderToString supports passing props to components with a simple object 1`] = `"<another-car-detail car=\\"{&quot;make&quot;:&quot;VW&quot;,&quot;model&quot;:&quot;Vento&quot;,&quot;year&quot;:2024}\\" class=\\"sc-another-car-detail-h\\" custom-hydrate-flag=\\"\\" s-id=\\"1\\"><template shadowrootmode=\\"open\\"><style sty-id=\\"sc-another-car-detail\\">/*!@section*/section.sc-another-car-detail{color:green}</style><section class=\\"sc-another-car-detail\\" c-id=\\"1.0.0.0\\"><!--t.1.1.1.0-->2024 VW Vento</section></template><!--r.1--></another-car-detail>"`;
